2026-04-02 21:19:01,414 [INFO] ============================================================
2026-04-02 21:19:01,414 [INFO] ODP SQL Grader (LM Studio) — Correct / Missing columns
2026-04-02 21:19:01,414 [INFO] ============================================================
2026-04-02 21:19:01,415 [INFO] Clone directory: tmp\repos-20260402_211901
2026-04-02 21:19:03,474 [INFO] LM Studio API available at http://localhost:1234/v1/chat/completions
2026-04-02 21:19:03,475 [INFO] Fetching sheet gid=427514693
2026-04-02 21:19:05,914 [INFO]   → 167 rows loaded
2026-04-02 21:19:05,916 [INFO]   TIM 01 (gid=427514693): https://github.com/nole78/odp_C2S_tim_01.git
2026-04-02 21:19:05,916 [INFO]   TIM 04 (gid=427514693): https://github.com/AlexandarsForce/odp_C3S_tim_05.git
2026-04-02 21:19:05,918 [INFO]   TIM 07 (gid=427514693): https://github.com/lana76710/odp_c2s_tim_07.git
2026-04-02 21:19:05,918 [INFO]   TIM 10 (gid=427514693): https://github.com/tamara10702/odp_C3S_tim_10.git
2026-04-02 21:19:05,918 [INFO]   TIM 13 (gid=427514693): https://github.com/nosa-18/odp_C2S_tim_13.git
2026-04-02 21:19:05,918 [INFO]   TIM 16 (gid=427514693): https://github.com/Stojane/odp_C1S_tim_16.git
2026-04-02 21:19:05,918 [INFO]   TIM 19 (gid=427514693): https://github.com/bojanakovacic1401/odp_C1S_tim_19.git
2026-04-02 21:19:05,918 [INFO]   TIM 22 (gid=427514693): https://github.com/PulseNetFTN/odp_C3S_tim_22.git
2026-04-02 21:19:05,919 [INFO]   TIM 25 (gid=427514693): https://github.com/pavlekr/odp_C2S_tim_25.git
2026-04-02 21:19:05,919 [INFO]   TIM 28 (gid=427514693): https://github.com/danijelasavic1802/odp_C2S_tim_28.git
2026-04-02 21:19:05,919 [INFO]   TIM 31 (gid=427514693): https://github.com/djordjeajdukovic/odp_C2S_tim_31.git
2026-04-02 21:19:05,919 [INFO]   TIM 34 (gid=427514693): https://github.com/jevt1c/odp_C3S_tim_34.git
2026-04-02 21:19:05,919 [INFO]   TIM 37 (gid=427514693): https://github.com/emilijarikic10/odp_C3S_tim_37.git
2026-04-02 21:19:05,920 [INFO]   TIM 40 (gid=427514693): https://github.com/VMazur96/odp_C03_tim_42.git
2026-04-02 21:19:05,920 [WARNING]   TIM 43 (gid=427514693): NO LINK → score 0
2026-04-02 21:19:05,920 [WARNING]   TIM 46 (gid=427514693): NO LINK → score 0
2026-04-02 21:19:05,920 [WARNING]   TIM 49 (gid=427514693): NO LINK → score 0
2026-04-02 21:19:05,920 [INFO] Sheet gid=427514693: added 17 teams
2026-04-02 21:19:05,920 [INFO] Fetching sheet gid=387992360
2026-04-02 21:19:07,283 [INFO]   → 63 rows loaded
2026-04-02 21:19:07,285 [INFO]   TIM 01 (gid=387992360): https://github.com/Luukkaaa/odp_C2S_tim_01.git
2026-04-02 21:19:07,285 [INFO]   TIM 04 (gid=387992360): https://github.com/danicaklaun/odp_C02_tim_04.git
2026-04-02 21:19:07,285 [INFO]   TIM 07 (gid=387992360): https://github.com/Jovvicicb/odp_C3S_tim_S07.git
2026-04-02 21:19:07,286 [INFO]   TIM 10 (gid=387992360): https://github.com/Bojan763/odp_C02_tim_10.git
2026-04-02 21:19:07,286 [INFO]   TIM 13 (gid=387992360): https://github.com/MarkoKliska/odp_c1s_tim_13.git
2026-04-02 21:19:07,286 [INFO]   TIM 16 (gid=387992360): https://github.com/baraacj/odp_c03_tim_16.git
2026-04-02 21:19:07,286 [INFO] Sheet gid=387992360: added 6 teams
2026-04-02 21:19:07,286 [INFO] Total teams across all sheets: 23
2026-04-02 21:19:07,286 [INFO] Valid: odp_C2S_tim_01 | Project: C2S | TIM 01 (gid=387992360)
2026-04-02 21:19:07,286 [INFO] Cloning: https://github.com/Luukkaaa/odp_C2S_tim_01.git → tmp\repos-20260402_211901\odp_C2S_tim_01
2026-04-02 21:19:09,091 [INFO] Successfully cloned: tmp\repos-20260402_211901\odp_C2S_tim_01
2026-04-02 21:19:09,101 [INFO] TIM 01 (gid=387992360): SQL files → ['init.sql', 'schema.sql']
2026-04-02 21:20:12,297 [INFO] TIM 01 (gid=387992360): Score = 85.0%
2026-04-02 21:20:12,297 [INFO] Valid: odp_C02_tim_04 | Project: C02 | TIM 04 (gid=387992360)
2026-04-02 21:20:12,297 [INFO] Cloning: https://github.com/danicaklaun/odp_C02_tim_04.git → tmp\repos-20260402_211901\odp_C02_tim_04
2026-04-02 21:20:13,533 [INFO] Successfully cloned: tmp\repos-20260402_211901\odp_C02_tim_04
2026-04-02 21:20:13,534 [WARNING] TIM 04 (gid=387992360): No .sql files found
2026-04-02 21:20:13,534 [ERROR] INVALID NAME | TIM 07 (gid=387992360) | Name: odp_C3S_tim_S07 | URL: https://github.com/Jovvicicb/odp_C3S_tim_S07.git
2026-04-02 21:20:13,534 [INFO] Valid: odp_C02_tim_10 | Project: C02 | TIM 10 (gid=387992360)
2026-04-02 21:20:13,534 [INFO] Cloning: https://github.com/Bojan763/odp_C02_tim_10.git → tmp\repos-20260402_211901\odp_C02_tim_10
2026-04-02 21:20:14,866 [ERROR] Clone failed (TIM 10 (gid=387992360)): Cloning into 'tmp\repos-20260402_211901\odp_C02_tim_10'...
remote: Repository not found.
fatal: repository 'https://github.com/Bojan763/odp_C02_tim_10.git/' not found
2026-04-02 21:20:14,867 [INFO] Valid: odp_c1s_tim_13 | Project: C1S | TIM 13 (gid=387992360)
2026-04-02 21:20:14,867 [INFO] Cloning: https://github.com/MarkoKliska/odp_c1s_tim_13.git → tmp\repos-20260402_211901\odp_c1s_tim_13
2026-04-02 21:20:16,461 [INFO] Successfully cloned: tmp\repos-20260402_211901\odp_c1s_tim_13
2026-04-02 21:20:16,465 [INFO] TIM 13 (gid=387992360): SQL files → ['DB_Upiti.sql']
2026-04-02 21:20:30,293 [INFO] TIM 13 (gid=387992360): Score = 30.0%
2026-04-02 21:20:30,293 [INFO] Valid: odp_c03_tim_16 | Project: C03 | TIM 16 (gid=387992360)
2026-04-02 21:20:30,293 [INFO] Cloning: https://github.com/baraacj/odp_c03_tim_16.git → tmp\repos-20260402_211901\odp_c03_tim_16
2026-04-02 21:20:31,890 [INFO] Successfully cloned: tmp\repos-20260402_211901\odp_c03_tim_16
2026-04-02 21:20:31,891 [WARNING] TIM 16 (gid=387992360): No .sql files found
2026-04-02 21:20:31,891 [INFO] Valid: odp_C2S_tim_01 | Project: C2S | TIM 01 (gid=427514693)
2026-04-02 21:20:31,892 [INFO] Directory already exists (skipping clone): tmp\repos-20260402_211901\odp_C2S_tim_01
2026-04-02 21:20:31,902 [INFO] TIM 01 (gid=427514693): SQL files → ['init.sql', 'schema.sql']
2026-04-02 21:21:35,690 [INFO] TIM 01 (gid=427514693): Score = 85.0%
2026-04-02 21:21:35,690 [INFO] Valid: odp_C3S_tim_05 | Project: C3S | TIM 04 (gid=427514693)
2026-04-02 21:21:35,690 [INFO] Cloning: https://github.com/AlexandarsForce/odp_C3S_tim_05.git → tmp\repos-20260402_211901\odp_C3S_tim_05
2026-04-02 21:21:37,740 [INFO] Successfully cloned: tmp\repos-20260402_211901\odp_C3S_tim_05
2026-04-02 21:21:37,750 [INFO] TIM 04 (gid=427514693): SQL files → ['init.sql']
2026-04-02 21:21:51,116 [INFO] TIM 04 (gid=427514693): Score = 0.0%
2026-04-02 21:21:51,117 [INFO] Valid: odp_c2s_tim_07 | Project: C2S | TIM 07 (gid=427514693)
2026-04-02 21:21:51,117 [INFO] Cloning: https://github.com/lana76710/odp_c2s_tim_07.git → tmp\repos-20260402_211901\odp_c2s_tim_07
2026-04-02 21:21:54,374 [INFO] Successfully cloned: tmp\repos-20260402_211901\odp_c2s_tim_07
2026-04-02 21:21:54,385 [INFO] TIM 07 (gid=427514693): SQL files → ['init.sql']
2026-04-02 21:22:07,647 [INFO] TIM 07 (gid=427514693): Score = 0.0%
2026-04-02 21:22:07,648 [INFO] Valid: odp_C3S_tim_10 | Project: C3S | TIM 10 (gid=427514693)
2026-04-02 21:22:07,648 [INFO] Cloning: https://github.com/tamara10702/odp_C3S_tim_10.git → tmp\repos-20260402_211901\odp_C3S_tim_10
2026-04-02 21:22:09,978 [INFO] Successfully cloned: tmp\repos-20260402_211901\odp_C3S_tim_10
2026-04-02 21:22:09,986 [INFO] TIM 10 (gid=427514693): SQL files → ['init.sql']
2026-04-02 21:22:23,214 [INFO] TIM 10 (gid=427514693): Score = 0.0%
2026-04-02 21:22:23,214 [INFO] Valid: odp_C2S_tim_13 | Project: C2S | TIM 13 (gid=427514693)
2026-04-02 21:22:23,214 [INFO] Cloning: https://github.com/nosa-18/odp_C2S_tim_13.git → tmp\repos-20260402_211901\odp_C2S_tim_13
2026-04-02 21:22:25,212 [INFO] Successfully cloned: tmp\repos-20260402_211901\odp_C2S_tim_13
2026-04-02 21:22:25,220 [INFO] TIM 13 (gid=427514693): SQL files → ['DB_Upiti.sql']
2026-04-02 21:22:41,545 [INFO] TIM 13 (gid=427514693): Score = 30.0%
2026-04-02 21:22:41,545 [INFO] Valid: odp_C1S_tim_16 | Project: C1S | TIM 16 (gid=427514693)
2026-04-02 21:22:41,546 [INFO] Cloning: https://github.com/Stojane/odp_C1S_tim_16.git → tmp\repos-20260402_211901\odp_C1S_tim_16
2026-04-02 21:22:43,942 [INFO] Successfully cloned: tmp\repos-20260402_211901\odp_C1S_tim_16
2026-04-02 21:22:43,944 [WARNING] TIM 16 (gid=427514693): No .sql files found
2026-04-02 21:22:43,944 [INFO] Valid: odp_C1S_tim_19 | Project: C1S | TIM 19 (gid=427514693)
2026-04-02 21:22:43,945 [INFO] Cloning: https://github.com/bojanakovacic1401/odp_C1S_tim_19.git → tmp\repos-20260402_211901\odp_C1S_tim_19
2026-04-02 21:22:45,611 [INFO] Successfully cloned: tmp\repos-20260402_211901\odp_C1S_tim_19
2026-04-02 21:22:45,623 [INFO] TIM 19 (gid=427514693): SQL files → ['init.sql']
